[GIN-debug] [WARNING] Running in "debug" mode. Switch to "release" mode in production.
 - using env:	export GIN_MODE=release
 - using code:	gin.SetMode(gin.ReleaseMode)

[GIN-debug] PUT    /v1/user/:id/password     --> github.com/Myriad-Dreamin/minimum-template/lib/gin.ToGinHandler.func1 (7 handlers)
[GIN-debug] PUT    /v1/user/:id              --> github.com/Myriad-Dreamin/minimum-template/lib/gin.ToGinHandler.func1 (7 handlers)
[GIN-debug] DELETE /v1/user/:id              --> github.com/Myriad-Dreamin/minimum-template/lib/gin.ToGinHandler.func1 (7 handlers)
[GIN-debug] GET    /v1/user/:id              --> github.com/Myriad-Dreamin/minimum-template/lib/gin.ToGinHandler.func1 (5 handlers)
[GIN-debug] GET    /v1/user-list             --> github.com/Myriad-Dreamin/minimum-template/lib/gin.ToGinHandler.func1 (5 handlers)
[GIN-debug] POST   /v1/user                  --> github.com/Myriad-Dreamin/minimum-template/lib/gin.ToGinHandler.func1 (5 handlers)
[GIN-debug] POST   /v1/login                 --> github.com/Myriad-Dreamin/minimum-template/lib/gin.ToGinHandler.func1 (5 handlers)
[GIN-debug] GET    /ping                     --> github.com/Myriad-Dreamin/minimum-template/lib/gin.ToGinHandler.func1 (5 handlers)
[GIN] 2020/01/10 - 22:27:59 | 200 |   84.221319ms |                 | POST     /v1/user
Method: POST url: /v1/user http: HTTP/1.1
Request Header: map[Content-Type:[application/json]]
Response Header: map[Content-Type:[application/json; charset=utf-8] Gin-Context-Matched-Path-Method:[/v1/user@POST]]
[GIN] 2020/01/10 - 22:27:59 | 200 |    82.62209ms |                 | POST     /v1/login
Method: POST url: /v1/login http: HTTP/1.1
Request Header: map[Content-Type:[application/json]]
Response Header: map[Content-Type:[application/json; charset=utf-8] Gin-Context-Matched-Path-Method:[/v1/login@POST]]
[GIN] 2020/01/10 - 22:27:59 | 200 |   82.717629ms |                 | POST     /v1/user
Method: POST url: /v1/user http: HTTP/1.1
Request Header: map[Authorization:[Bearer eyJhbGciOiJIUzI1NiIsInR5cCI6IkpXVCJ9.eyJleHAiOjE1NzkyNzEyNzksImlzcyI6Ik15cmlhZC1EcmVhbWluIiwibmJmIjoxNTc4NjY2NDY5LCJJc1JlZnJlc2hUb2tlbiI6ZmFsc2UsIlJlZnJlc2hUYXJnZXQiOm51bGwsIkN1c3RvbUZpZWxkIjp7IlVJRCI6MX19.Ejm6FMAPQIUuHRMGhHBvy_r0VB6efNDwR4AjdN-qdDI] Content-Type:[application/json]]
Response Header: map[Content-Type:[application/json; charset=utf-8] Gin-Context-Matched-Path-Method:[/v1/user@POST]]
[GIN] 2020/01/10 - 22:27:59 | 200 |   81.268653ms |                 | POST     /v1/login
Method: POST url: /v1/login http: HTTP/1.1
Request Header: map[Authorization:[Bearer eyJhbGciOiJIUzI1NiIsInR5cCI6IkpXVCJ9.eyJleHAiOjE1NzkyNzEyNzksImlzcyI6Ik15cmlhZC1EcmVhbWluIiwibmJmIjoxNTc4NjY2NDY5LCJJc1JlZnJlc2hUb2tlbiI6ZmFsc2UsIlJlZnJlc2hUYXJnZXQiOm51bGwsIkN1c3RvbUZpZWxkIjp7IlVJRCI6MX19.Ejm6FMAPQIUuHRMGhHBvy_r0VB6efNDwR4AjdN-qdDI] Content-Type:[application/json]]
Response Header: map[Content-Type:[application/json; charset=utf-8] Gin-Context-Matched-Path-Method:[/v1/login@POST]]
[GIN] 2020/01/10 - 22:27:59 | 200 |   82.328488ms |                 | POST     /v1/login
Method: POST url: /v1/login http: HTTP/1.1
Request Header: map[Authorization:[Bearer eyJhbGciOiJIUzI1NiIsInR5cCI6IkpXVCJ9.eyJleHAiOjE1NzkyNzEyNzksImlzcyI6Ik15cmlhZC1EcmVhbWluIiwibmJmIjoxNTc4NjY2NDY5LCJJc1JlZnJlc2hUb2tlbiI6ZmFsc2UsIlJlZnJlc2hUYXJnZXQiOm51bGwsIkN1c3RvbUZpZWxkIjp7IlVJRCI6MX19.Ejm6FMAPQIUuHRMGhHBvy_r0VB6efNDwR4AjdN-qdDI] Content-Type:[application/json]]
Response Header: map[Content-Type:[application/json; charset=utf-8] Gin-Context-Matched-Path-Method:[/v1/login@POST]]
[GIN] 2020/01/10 - 22:27:59 | 200 |   82.870322ms |                 | POST     /v1/login
Method: POST url: /v1/login http: HTTP/1.1
Request Header: map[Authorization:[Bearer eyJhbGciOiJIUzI1NiIsInR5cCI6IkpXVCJ9.eyJleHAiOjE1NzkyNzEyNzksImlzcyI6Ik15cmlhZC1EcmVhbWluIiwibmJmIjoxNTc4NjY2NDY5LCJJc1JlZnJlc2hUb2tlbiI6ZmFsc2UsIlJlZnJlc2hUYXJnZXQiOm51bGwsIkN1c3RvbUZpZWxkIjp7IlVJRCI6MX19.Ejm6FMAPQIUuHRMGhHBvy_r0VB6efNDwR4AjdN-qdDI] Content-Type:[application/json]]
Response Header: map[Content-Type:[application/json; charset=utf-8] Gin-Context-Matched-Path-Method:[/v1/login@POST]]
[GIN] 2020/01/10 - 22:27:59 | 200 |      325.57µs |                 | GET      /v1/user/1
Method: GET url: /v1/user/1 http: HTTP/1.1
Request Header: map[Authorization:[Bearer eyJhbGciOiJIUzI1NiIsInR5cCI6IkpXVCJ9.eyJleHAiOjE1NzkyNzEyNzksImlzcyI6Ik15cmlhZC1EcmVhbWluIiwibmJmIjoxNTc4NjY2NDY5LCJJc1JlZnJlc2hUb2tlbiI6ZmFsc2UsIlJlZnJlc2hUYXJnZXQiOm51bGwsIkN1c3RvbUZpZWxkIjp7IlVJRCI6MX19.Ejm6FMAPQIUuHRMGhHBvy_r0VB6efNDwR4AjdN-qdDI] Content-Type:[]]
Response Header: map[Content-Type:[application/json; charset=utf-8] Gin-Context-Matched-Path-Method:[/v1/user/:id@GET]]
[GIN] 2020/01/10 - 22:27:59 | 200 |     231.065µs |                 | GET      /v1/user-list?page=1&page_size=1
Method: GET url: /v1/user-list?page=1&page_size=1 http: HTTP/1.1
Request Header: map[Authorization:[Bearer eyJhbGciOiJIUzI1NiIsInR5cCI6IkpXVCJ9.eyJleHAiOjE1NzkyNzEyNzksImlzcyI6Ik15cmlhZC1EcmVhbWluIiwibmJmIjoxNTc4NjY2NDY5LCJJc1JlZnJlc2hUb2tlbiI6ZmFsc2UsIlJlZnJlc2hUYXJnZXQiOm51bGwsIkN1c3RvbUZpZWxkIjp7IlVJRCI6MX19.Ejm6FMAPQIUuHRMGhHBvy_r0VB6efNDwR4AjdN-qdDI] Content-Type:[]]
Response Header: map[Content-Type:[application/json; charset=utf-8] Gin-Context-Matched-Path-Method:[/v1/user-list@GET]]
[GIN] 2020/01/10 - 22:27:59 | 200 |  162.698192ms |                 | PUT      /v1/user/2/password
Method: PUT url: /v1/user/2/password http: HTTP/1.1
Request Header: map[Authorization:[Bearer eyJhbGciOiJIUzI1NiIsInR5cCI6IkpXVCJ9.eyJleHAiOjE1NzkyNzEyNzksImlzcyI6Ik15cmlhZC1EcmVhbWluIiwibmJmIjoxNTc4NjY2NDY5LCJJc1JlZnJlc2hUb2tlbiI6ZmFsc2UsIlJlZnJlc2hUYXJnZXQiOm51bGwsIkN1c3RvbUZpZWxkIjp7IlVJRCI6MX19.Ejm6FMAPQIUuHRMGhHBvy_r0VB6efNDwR4AjdN-qdDI] Content-Type:[application/json]]
Response Header: map[Content-Type:[application/json; charset=utf-8] Gin-Context-Matched-Path-Method:[/v1/user/:id/password@PUT]]
[GIN] 2020/01/10 - 22:27:59 | 200 |     581.378µs |                 | DELETE   /v1/user/2
Method: DELETE url: /v1/user/2 http: HTTP/1.1
Request Header: map[Authorization:[Bearer eyJhbGciOiJIUzI1NiIsInR5cCI6IkpXVCJ9.eyJleHAiOjE1NzkyNzEyNzksImlzcyI6Ik15cmlhZC1EcmVhbWluIiwibmJmIjoxNTc4NjY2NDY5LCJJc1JlZnJlc2hUb2tlbiI6ZmFsc2UsIlJlZnJlc2hUYXJnZXQiOm51bGwsIkN1c3RvbUZpZWxkIjp7IlVJRCI6MX19.Ejm6FMAPQIUuHRMGhHBvy_r0VB6efNDwR4AjdN-qdDI] Content-Type:[]]
Response Header: map[Content-Type:[application/json; charset=utf-8] Gin-Context-Matched-Path-Method:[/v1/user/:id@DELETE]]
[GIN] 2020/01/10 - 22:27:59 | 200 |       93.48µs |                 | GET      /v1/user/2
Method: GET url: /v1/user/2 http: HTTP/1.1
Request Header: map[Authorization:[Bearer eyJhbGciOiJIUzI1NiIsInR5cCI6IkpXVCJ9.eyJleHAiOjE1NzkyNzEyNzksImlzcyI6Ik15cmlhZC1EcmVhbWluIiwibmJmIjoxNTc4NjY2NDY5LCJJc1JlZnJlc2hUb2tlbiI6ZmFsc2UsIlJlZnJlc2hUYXJnZXQiOm51bGwsIkN1c3RvbUZpZWxkIjp7IlVJRCI6MX19.Ejm6FMAPQIUuHRMGhHBvy_r0VB6efNDwR4AjdN-qdDI] Content-Type:[]]
Response Header: map[Content-Type:[application/json; charset=utf-8] Gin-Context-Matched-Path-Method:[/v1/user/:id@GET]]
.891+0800	Debug	[38;5;230m module/module.go:92 [0m		{"level": "debug", "_msg": "module installed", "path": "/database/needsDB", "name": "*splayer.NeedsDB"}
2019-11-02T19:59:35.891+0800	Debug	[38;5;230m module/module.go:92 [0m		{"level": "debug", "_msg": "module installed", "path": "/database/goodsDB", "name": "*splayer.GoodsDB"}
2019-11-02T19:59:35.891+0800	Debug	[38;5;230m module/module.go:92 [0m		{"level": "debug", "_msg": "module installed", "path": "/database/userDB", "name": "*splayer.UserDB"}
2019-11-02T19:59:35.891+0800	Debug	[38;5;230m module/module.go:92 [0m		{"level": "debug", "_msg": "module installed", "path": "/database/objectDB", "name": "*splayer.ObjectDB"}
2019-11-02T19:59:36.023+0800	Debug	[38;5;230m dorm@v0.0.0-20191029104746-dbf265ce2754/db.go:67 [0m		{"level": "debug", "_msg": "exec ", "statement": "update `user` set last_login = ? where id = ?", "args": ["2019-11-02T19:59:36.0235354+08:00",1]}
2019-11-02T19:59:36.023+0800	Debug	[38;5;230m user/login.go:130 [0m		{"level": "debug", "_msg": "update last login failed", "error": "no such table: user", "affected": 0}
2019-11-02T19:59:36.152+0800	Debug	[38;5;230m dorm@v0.0.0-20191029104746-dbf265ce2754/db.go:67 [0m		{"level": "debug", "_msg": "exec ", "statement": "update `user` set last_login = ? where id = ?", "args": ["2019-11-02T19:59:36.1525307+08:00",2]}
2019-11-02T19:59:36.152+0800	Debug	[38;5;230m user/login.go:130 [0m		{"level": "debug", "_msg": "update last login failed", "error": "no such table: user", "affected": 0}
2019-11-02T19:59:36.216+0800	Debug	[38;5;230m dorm@v0.0.0-20191029104746-dbf265ce2754/db.go:67 [0m		{"level": "debug", "_msg": "exec ", "statement": "update `user` set last_login = ? where id = ?", "args": ["2019-11-02T19:59:36.2165352+08:00",2]}
2019-11-02T19:59:36.216+0800	Debug	[38;5;230m user/login.go:130 [0m		{"level": "debug", "_msg": "update last login failed", "error": "no such table: user", "affected": 0}
2019-11-02T19:59:36.281+0800	Debug	[38;5;230m dorm@v0.0.0-20191029104746-dbf265ce2754/db.go:67 [0m		{"level": "debug", "_msg": "exec ", "statement": "update `user` set last_login = ? where id = ?", "args": ["2019-11-02T19:59:36.2815332+08:00",2]}
2019-11-02T19:59:36.281+0800	Debug	[38;5;230m user/login.go:130 [0m		{"level": "debug", "_msg": "update last login failed", "error": "no such table: user", "affected": 0}
2019-11-02T20:28:19.463+0800	Debug	[38;5;230m module/module.go:92 [0m		{"level": "debug", "_msg": "module installed", "path": "/database/enforcer", "name": "*casbin.SyncedEnforcer"}
2019-11-02T20:28:19.463+0800	Debug	[38;5;230m module/module.go:92 [0m		{"level": "debug", "_msg": "module installed", "path": "/database/userDB", "name": "*splayer.UserDB"}
2019-11-02T20:28:19.464+0800	Debug	[38;5;230m module/module.go:92 [0m		{"level": "debug", "_msg": "module installed", "path": "/database/objectDB", "name": "*splayer.ObjectDB"}
2019-11-02T20:28:19.595+0800	Debug	[38;5;230m dorm@v0.0.0-20191029104746-dbf265ce2754/db.go:67 [0m		{"level": "debug", "_msg": "exec ", "statement": "update `user` set last_login = ? where id = ?", "args": ["2019-11-02T20:28:19.5955234+08:00",1]}
2019-11-02T20:28:19.595+0800	Debug	[38;5;230m user/login.go:130 [0m		{"level": "debug", "_msg": "update last login failed", "error": "no such table: user", "affected": 0}
2019-11-02T20:28:19.725+0800	Debug	[38;5;230m dorm@v0.0.0-20191029104746-dbf265ce2754/db.go:67 [0m		{"level": "debug", "_msg": "exec ", "statement": "update `user` set last_login = ? where id = ?", "args": ["2019-11-02T20:28:19.7254998+08:00",2]}
2019-11-02T20:28:19.725+0800	Debug	[38;5;230m user/login.go:130 [0m		{"level": "debug", "_msg": "update last login failed", "error": "no such table: user", "affected": 0}
2019-11-02T20:28:19.789+0800	Debug	[38;5;230m dorm@v0.0.0-20191029104746-dbf265ce2754/db.go:67 [0m		{"level": "debug", "_msg": "exec ", "statement": "update `user` set last_login = ? where id = ?", "args": ["2019-11-02T20:28:19.7895+08:00",2]}
2019-11-02T20:28:19.789+0800	Debug	[38;5;230m user/login.go:130 [0m		{"level": "debug", "_msg": "update last login failed", "error": "no such table: user", "affected": 0}
2019-11-02T20:28:19.853+0800	Debug	[38;5;230m dorm@v0.0.0-20191029104746-dbf265ce2754/db.go:67 [0m		{"level": "debug", "_msg": "exec ", "statement": "update `user` set last_login = ? where id = ?", "args": ["2019-11-02T20:28:19.8534999+08:00",2]}
2019-11-02T20:28:19.853+0800	Debug	[38;5;230m user/login.go:130 [0m		{"level": "debug", "_msg": "update last login failed", "error": "no such table: user", "affected": 0}
2019-11-02T20:31:01.124+0800	Debug	[38;5;230m module/module.go:92 [0m		{"level": "debug", "_msg": "module installed", "path": "/database/enforcer", "name": "*casbin.SyncedEnforcer"}
2019-11-02T20:31:01.124+0800	Debug	[38;5;230m module/module.go:92 [0m		{"level": "debug", "_msg": "module installed", "path": "/database/userDB", "name": "*splayer.UserDB"}
2019-11-02T20:31:01.124+0800	Debug	[38;5;230m module/module.go:92 [0m		{"level": "debug", "_msg": "module installed", "path": "/database/objectDB", "name": "*splayer.ObjectDB"}
2019-11-02T20:31:01.254+0800	Debug	[38;5;230m dorm@v0.0.0-20191029104746-dbf265ce2754/db.go:67 [0m		{"level": "debug", "_msg": "exec ", "statement": "update `user` set last_login = ? where id = ?", "args": ["2019-11-02T20:31:01.254042+08:00",1]}
2019-11-02T20:31:01.254+0800	Debug	[38;5;230m user/login.go:130 [0m		{"level": "debug", "_msg": "update last login failed", "error": "no such table: user", "affected": 0}
2019-11-02T20:31:01.383+0800	Debug	[38;5;230m dorm@v0.0.0-20191029104746-dbf265ce2754/db.go:67 [0m		{"level": "debug", "_msg": "exec ", "statement": "update `user` set last_login = ? where id = ?", "args": ["2019-11-02T20:31:01.3820399+08:00",2]}
2019-11-02T20:31:01.383+0800	Debug	[38;5;230m user/login.go:130 [0m		{"level": "debug", "_msg": "update last login failed", "error": "no such table: user", "affected": 0}
2019-11-02T20:31:01.446+0800	Debug	[38;5;230m dorm@v0.0.0-20191029104746-dbf265ce2754/db.go:67 [0m		{"level": "debug", "_msg": "exec ", "statement": "update `user` set last_login = ? where id = ?", "args": ["2019-11-02T20:31:01.4460399+08:00",2]}
2019-11-02T20:31:01.446+0800	Debug	[38;5;230m user/login.go:130 [0m		{"level": "debug", "_msg": "update last login failed", "error": "no such table: user", "affected": 0}
2019-11-02T20:31:01.510+0800	Debug	[38;5;230m dorm@v0.0.0-20191029104746-dbf265ce2754/db.go:67 [0m		{"level": "debug", "_msg": "exec ", "statement": "update `user` set last_login = ? where id = ?", "args": ["2019-11-02T20:31:01.5100694+08:00",2]}
2019-11-02T20:31:01.510+0800	Debug	[38;5;230m user/login.go:130 [0m		{"level": "debug", "_msg": "update last login failed", "error": "no such table: user", "affected": 0}
2019-11-02T20:31:56.266+0800	Debug	[38;5;230m module/module.go:92 [0m		{"level": "debug", "_msg": "module installed", "path": "/database/enforcer", "name": "*casbin.SyncedEnforcer"}
2019-11-02T20:31:56.266+0800	Debug	[38;5;230m module/module.go:92 [0m		{"level": "debug", "_msg": "module installed", "path": "/database/userDB", "name": "*splayer.UserDB"}
2019-11-02T20:31:56.266+0800	Debug	[38;5;230m module/module.go:92 [0m		{"level": "debug", "_msg": "module installed", "path": "/database/objectDB", "name": "*splayer.ObjectDB"}
2019-11-02T20:31:56.396+0800	Debug	[38;5;230m dorm@v0.0.0-20191029104746-dbf265ce2754/db.go:67 [0m		{"level": "debug", "_msg": "exec ", "statement": "update `user` set last_login = ? where id = ?", "args": ["2019-11-02T20:31:56.3960622+08:00",1]}
2019-11-02T20:31:56.396+0800	Debug	[38;5;230m user/login.go:130 [0m		{"level": "debug", "_msg": "update last login failed", "error": "no such table: user", "affected": 0}
2019-11-02T20:31:56.526+0800	Debug	[38;5;230m dorm@v0.0.0-20191029104746-dbf265ce2754/db.go:67 [0m		{"level": "debug", "_msg": "exec ", "statement": "update `user` set last_login = ? where id = ?", "args": ["2019-11-02T20:31:56.5250411+08:00",2]}
2019-11-02T20:31:56.526+0800	Debug	[38;5;230m user/login.go:130 [0m		{"level": "debug", "_msg": "update last login failed", "error": "no such table: user", "affected": 0}
2019-11-02T20:31:56.590+0800	Debug	[38;5;230m dorm@v0.0.0-20191029104746-dbf265ce2754/db.go:67 [0m		{"level": "debug", "_msg": "exec ", "statement": "update `user` set last_login = ? where id = ?", "args": ["2019-11-02T20:31:56.590041+08:00",2]}
2019-11-02T20:31:56.590+0800	Debug	[38;5;230m user/login.go:130 [0m		{"level": "debug", "_msg": "update last login failed", "error": "no such table: user", "affected": 0}
2019-11-02T20:31:56.654+0800	Debug	[38;5;230m dorm@v0.0.0-20191029104746-dbf265ce2754/db.go:67 [0m		{"level": "debug", "_msg": "exec ", "statement": "update `user` set last_login = ? where id = ?", "args": ["2019-11-02T20:31:56.6540411+08:00",2]}
2019-11-02T20:31:56.654+0800	Debug	[38;5;230m user/login.go:130 [0m		{"level": "debug", "_msg": "update last login failed", "error": "no such table: user", "affected": 0}
2019-11-02T20:39:42.476+0800	Debug	[38;5;230m module/module.go:92 [0m		{"level": "debug", "_msg": "module installed", "path": "/database/enforcer", "name": "*casbin.SyncedEnforcer"}
2019-11-02T20:39:42.476+0800	Debug	[38;5;230m module/module.go:92 [0m		{"level": "debug", "_msg": "module installed", "path": "/database/userDB", "name": "*splayer.UserDB"}
2019-11-02T20:39:42.476+0800	Debug	[38;5;230m module/module.go:92 [0m		{"level": "debug", "_msg": "module installed", "path": "/database/objectDB", "name": "*splayer.ObjectDB"}
2019-11-02T20:39:42.611+0800	Debug	[38;5;230m dorm@v0.0.0-20191029104746-dbf265ce2754/db.go:67 [0m		{"level": "debug", "_msg": "exec ", "statement": "update `user` set last_login = ? where id = ?", "args": ["2019-11-02T20:39:42.6113415+08:00",1]}
2019-11-02T20:39:42.612+0800	Debug	[38;5;230m user/login.go:130 [0m		{"level": "debug", "_msg": "update last login failed", "error": "no such table: user", "affected": 0}
2019-11-02T20:39:42.744+0800	Debug	[38;5;230m dorm@v0.0.0-20191029104746-dbf265ce2754/db.go:67 [0m		{"level": "debug", "_msg": "exec ", "statement": "update `user` set last_login = ? where id = ?", "args": ["2019-11-02T20:39:42.7443426+08:00",2]}
2019-11-02T20:39:42.745+0800	Debug	[38;5;230m user/login.go:130 [0m		{"level": "debug", "_msg": "update last login failed", "error": "no such table: user", "affected": 0}
2019-11-02T20:39:42.809+0800	Debug	[38;5;230m dorm@v0.0.0-20191029104746-dbf265ce2754/db.go:67 [0m		{"level": "debug", "_msg": "exec ", "statement": "update `user` set last_login = ? where id = ?", "args": ["2019-11-02T20:39:42.8093424+08:00",2]}
2019-11-02T20:39:42.809+0800	Debug	[38;5;230m user/login.go:130 [0m		{"level": "debug", "_msg": "update last login failed", "error": "no such table: user", "affected": 0}
2019-11-02T20:39:42.874+0800	Debug	[38;5;230m dorm@v0.0.0-20191029104746-dbf265ce2754/db.go:67 [0m		{"level": "debug", "_msg": "exec ", "statement": "update `user` set last_login = ? where id = ?", "args": ["2019-11-02T20:39:42.8743425+08:00",2]}
2019-11-02T20:39:42.874+0800	Debug	[38;5;230m user/login.go:130 [0m		{"level": "debug", "_msg": "update last login failed", "error": "no such table: user", "affected": 0}
